2026-08-25 23:12:25,700 - aqt.main - INFO - installer 15768 aqtinstall(aqt) v3.3.0 on Python 3.14.3 [CPython MSC v.1944 64 bit (AMD64)]
2026-08-25 23:12:36,297 - aqt.main - INFO - installer 10428 aqtinstall(aqt) v3.3.0 on Python 3.14.3 [CPython MSC v.1944 64 bit (AMD64)]
2026-08-25 23:12:36,298 - aqt.helper - DEBUG - helper 10428 Attempt to download checksum at https://download.qt.io/online/qtsdkrepository/windows_x86/desktop/qt6_673/Updates.xml.sha256
2026-08-25 23:12:41,344 - aqt.helper - DEBUG - helper 2116 Attempt to download checksum at https://download.qt.io/online/qtsdkrepository/windows_x86/desktop/qt6_673/qt.qt6.673.addons.qtpositioning.win64_msvc2019_64/6.7.3-0-202409200836qtpositioning-Windows-Windows_10_22H2-MSVC2019-Windows-Windows_10_22H2-X86_64.7z.sha256
2026-08-25 23:12:41,348 - aqt.helper - DEBUG - helper 12336 Attempt to download checksum at https://download.qt.io/online/qtsdkrepository/windows_x86/desktop/qt6_673/qt.qt6.673.addons.qtwebchannel.win64_msvc2019_64/6.7.3-0-202409200836qtwebchannel-Windows-Windows_10_22H2-MSVC2019-Windows-Windows_10_22H2-X86_64.7z.sha256
2026-08-25 23:12:41,367 - aqt.helper - DEBUG - helper 12492 Attempt to download checksum at https://download.qt.io/online/qtsdkrepository/windows_x86/desktop/qt6_673/qt.qt6.673.addons.qtwebengine.win64_msvc2019_64/6.7.3-0-202409200836qtwebengine-Windows-Windows_10_22H2-MSVC2019-Windows-Windows_10_22H2-X86_64.7z.sha256
2026-08-25 23:12:41,374 - aqt.helper - DEBUG - helper 11924 Attempt to download checksum at https://download.qt.io/online/qtsdkrepository/windows_x86/desktop/qt6_673/qt.qt6.673.addons.qtwebsockets.win64_msvc2019_64/6.7.3-0-202409200836qtwebsockets-Windows-Windows_10_22H2-MSVC2019-Windows-Windows_10_22H2-X86_64.7z.sha256
2026-08-25 23:12:42,581 - aqt.helper - INFO - helper 12336 Downloading qtwebchannel...
2026-08-25 23:12:42,581 - aqt.installer - DEBUG - installer 12336 Download URL: https://download.qt.io/online/qtsdkrepository/windows_x86/desktop/qt6_673/qt.qt6.673.addons.qtwebchannel.win64_msvc2019_64/6.7.3-0-202409200836qtwebchannel-Windows-Windows_10_22H2-MSVC2019-Windows-Windows_10_22H2-X86_64.7z
2026-08-25 23:12:42,614 - aqt.helper - INFO - helper 11924 Downloading qtwebsockets...
2026-08-25 23:12:42,614 - aqt.installer - DEBUG - installer 11924 Download URL: https://download.qt.io/online/qtsdkrepository/windows_x86/desktop/qt6_673/qt.qt6.673.addons.qtwebsockets.win64_msvc2019_64/6.7.3-0-202409200836qtwebsockets-Windows-Windows_10_22H2-MSVC2019-Windows-Windows_10_22H2-X86_64.7z
2026-08-25 23:12:42,688 - aqt.helper - INFO - helper 2116 Downloading qtpositioning...
2026-08-25 23:12:42,688 - aqt.installer - DEBUG - installer 2116 Download URL: https://download.qt.io/online/qtsdkrepository/windows_x86/desktop/qt6_673/qt.qt6.673.addons.qtpositioning.win64_msvc2019_64/6.7.3-0-202409200836qtpositioning-Windows-Windows_10_22H2-MSVC2019-Windows-Windows_10_22H2-X86_64.7z
2026-08-25 23:12:42,689 - aqt.helper - INFO - helper 12492 Downloading qtwebengine...
2026-08-25 23:12:42,690 - aqt.installer - DEBUG - installer 12492 Download URL: https://download.qt.io/online/qtsdkrepository/windows_x86/desktop/qt6_673/qt.qt6.673.addons.qtwebengine.win64_msvc2019_64/6.7.3-0-202409200836qtwebengine-Windows-Windows_10_22H2-MSVC2019-Windows-Windows_10_22H2-X86_64.7z
2026-08-25 23:12:43,836 - aqt.helper - DEBUG - helper 11924 Asked to redirect(302) to: https://ftp.jaist.ac.jp/pub/qtproject/online/qtsdkrepository/windows_x86/desktop/qt6_673/qt.qt6.673.addons.qtwebsockets.win64_msvc2019_64/6.7.3-0-202409200836qtwebsockets-Windows-Windows_10_22H2-MSVC2019-Windows-Windows_10_22H2-X86_64.7z
2026-08-25 23:12:43,836 - aqt.helper - INFO - helper 11924 Redirected: ftp.jaist.ac.jp
2026-08-25 23:12:43,870 - aqt.helper - DEBUG - helper 12336 Asked to redirect(302) to: https://ftp.jaist.ac.jp/pub/qtproject/online/qtsdkrepository/windows_x86/desktop/qt6_673/qt.qt6.673.addons.qtwebchannel.win64_msvc2019_64/6.7.3-0-202409200836qtwebchannel-Windows-Windows_10_22H2-MSVC2019-Windows-Windows_10_22H2-X86_64.7z
2026-08-25 23:12:43,870 - aqt.helper - INFO - helper 12336 Redirected: ftp.jaist.ac.jp
2026-08-25 23:12:43,879 - aqt.helper - DEBUG - helper 2116 Asked to redirect(302) to: https://ftp.jaist.ac.jp/pub/qtproject/online/qtsdkrepository/windows_x86/desktop/qt6_673/qt.qt6.673.addons.qtpositioning.win64_msvc2019_64/6.7.3-0-202409200836qtpositioning-Windows-Windows_10_22H2-MSVC2019-Windows-Windows_10_22H2-X86_64.7z
2026-08-25 23:12:43,880 - aqt.helper - INFO - helper 2116 Redirected: ftp.jaist.ac.jp
2026-08-25 23:12:43,918 - aqt.helper - DEBUG - helper 12492 Asked to redirect(302) to: https://ftp.jaist.ac.jp/pub/qtproject/online/qtsdkrepository/windows_x86/desktop/qt6_673/qt.qt6.673.addons.qtwebengine.win64_msvc2019_64/6.7.3-0-202409200836qtwebengine-Windows-Windows_10_22H2-MSVC2019-Windows-Windows_10_22H2-X86_64.7z
2026-08-25 23:12:43,919 - aqt.helper - INFO - helper 12492 Redirected: ftp.jaist.ac.jp
2026-08-25 23:12:44,605 - aqt.installer - INFO - installer 11924 Finished installation of qtwebsockets-Windows-Windows_10_22H2-MSVC2019-Windows-Windows_10_22H2-X86_64.7z in 3.23301310
2026-08-25 23:12:44,621 - aqt.helper - DEBUG - helper 11924 Attempt to download checksum at https://download.qt.io/online/qtsdkrepository/windows_x86/desktop/qt6_673/qt.qt6.673.win64_msvc2019_64/6.7.3-0-202409200836qtbase-Windows-Windows_10_22H2-MSVC2019-Windows-Windows_10_22H2-X86_64.7z.sha256
2026-08-25 23:12:44,640 - aqt.installer - INFO - installer 12336 Finished installation of qtwebchannel-Windows-Windows_10_22H2-MSVC2019-Windows-Windows_10_22H2-X86_64.7z in 3.29503700
2026-08-25 23:12:44,655 - aqt.helper - DEBUG - helper 12336 Attempt to download checksum at https://download.qt.io/online/qtsdkrepository/windows_x86/desktop/qt6_673/qt.qt6.673.win64_msvc2019_64/6.7.3-0-202409200836qtsvg-Windows-Windows_10_22H2-MSVC2019-Windows-Windows_10_22H2-X86_64.7z.sha256
2026-08-25 23:12:45,398 - aqt.installer - INFO - installer 2116 Finished installation of qtpositioning-Windows-Windows_10_22H2-MSVC2019-Windows-Windows_10_22H2-X86_64.7z in 4.05744090
2026-08-25 23:12:45,415 - aqt.helper - DEBUG - helper 2116 Attempt to download checksum at https://download.qt.io/online/qtsdkrepository/windows_x86/desktop/qt6_673/qt.qt6.673.win64_msvc2019_64/6.7.3-0-202409200836qtdeclarative-Windows-Windows_10_22H2-MSVC2019-Windows-Windows_10_22H2-X86_64.7z.sha256
2026-08-25 23:12:45,957 - aqt.helper - INFO - helper 11924 Downloading qtbase...
2026-08-25 23:12:45,958 - aqt.installer - DEBUG - installer 11924 Download URL: https://download.qt.io/online/qtsdkrepository/windows_x86/desktop/qt6_673/qt.qt6.673.win64_msvc2019_64/6.7.3-0-202409200836qtbase-Windows-Windows_10_22H2-MSVC2019-Windows-Windows_10_22H2-X86_64.7z
2026-08-25 23:12:45,981 - aqt.helper - INFO - helper 12336 Downloading qtsvg...
2026-08-25 23:12:45,981 - aqt.installer - DEBUG - installer 12336 Download URL: https://download.qt.io/online/qtsdkrepository/windows_x86/desktop/qt6_673/qt.qt6.673.win64_msvc2019_64/6.7.3-0-202409200836qtsvg-Windows-Windows_10_22H2-MSVC2019-Windows-Windows_10_22H2-X86_64.7z
2026-08-25 23:12:46,622 - aqt.helper - INFO - helper 2116 Downloading qtdeclarative...
2026-08-25 23:12:46,622 - aqt.installer - DEBUG - installer 2116 Download URL: https://download.qt.io/online/qtsdkrepository/windows_x86/desktop/qt6_673/qt.qt6.673.win64_msvc2019_64/6.7.3-0-202409200836qtdeclarative-Windows-Windows_10_22H2-MSVC2019-Windows-Windows_10_22H2-X86_64.7z
2026-08-25 23:12:47,184 - aqt.helper - DEBUG - helper 11924 Asked to redirect(302) to: https://ftp.jaist.ac.jp/pub/qtproject/online/qtsdkrepository/windows_x86/desktop/qt6_673/qt.qt6.673.win64_msvc2019_64/6.7.3-0-202409200836qtbase-Windows-Windows_10_22H2-MSVC2019-Windows-Windows_10_22H2-X86_64.7z
2026-08-25 23:12:47,184 - aqt.helper - INFO - helper 11924 Redirected: ftp.jaist.ac.jp
2026-08-25 23:12:47,252 - aqt.helper - DEBUG - helper 12336 Asked to redirect(302) to: https://ftp.jaist.ac.jp/pub/qtproject/online/qtsdkrepository/windows_x86/desktop/qt6_673/qt.qt6.673.win64_msvc2019_64/6.7.3-0-202409200836qtsvg-Windows-Windows_10_22H2-MSVC2019-Windows-Windows_10_22H2-X86_64.7z
2026-08-25 23:12:47,252 - aqt.helper - INFO - helper 12336 Redirected: ftp.jaist.ac.jp
2026-08-25 23:12:47,879 - aqt.helper - DEBUG - helper 2116 Asked to redirect(302) to: https://ftp.jaist.ac.jp/pub/qtproject/online/qtsdkrepository/windows_x86/desktop/qt6_673/qt.qt6.673.win64_msvc2019_64/6.7.3-0-202409200836qtdeclarative-Windows-Windows_10_22H2-MSVC2019-Windows-Windows_10_22H2-X86_64.7z
2026-08-25 23:12:47,879 - aqt.helper - INFO - helper 2116 Redirected: ftp.jaist.ac.jp
2026-08-25 23:12:48,103 - aqt.installer - INFO - installer 12336 Finished installation of qtsvg-Windows-Windows_10_22H2-MSVC2019-Windows-Windows_10_22H2-X86_64.7z in 3.44973550
2026-08-25 23:12:48,120 - aqt.helper - DEBUG - helper 12336 Attempt to download checksum at https://download.qt.io/online/qtsdkrepository/windows_x86/desktop/qt6_673/qt.qt6.673.win64_msvc2019_64/6.7.3-0-202409200836qttools-Windows-Windows_10_22H2-MSVC2019-Windows-Windows_10_22H2-X86_64.7z.sha256
2026-08-25 23:12:49,314 - aqt.helper - INFO - helper 12336 Downloading qttools...
2026-08-25 23:12:49,314 - aqt.installer - DEBUG - installer 12336 Download URL: https://download.qt.io/online/qtsdkrepository/windows_x86/desktop/qt6_673/qt.qt6.673.win64_msvc2019_64/6.7.3-0-202409200836qttools-Windows-Windows_10_22H2-MSVC2019-Windows-Windows_10_22H2-X86_64.7z
2026-08-25 23:12:50,493 - aqt.helper - DEBUG - helper 12336 Asked to redirect(302) to: https://ftp.jaist.ac.jp/pub/qtproject/online/qtsdkrepository/windows_x86/desktop/qt6_673/qt.qt6.673.win64_msvc2019_64/6.7.3-0-202409200836qttools-Windows-Windows_10_22H2-MSVC2019-Windows-Windows_10_22H2-X86_64.7z
2026-08-25 23:12:50,493 - aqt.helper - INFO - helper 12336 Redirected: ftp.jaist.ac.jp
2026-08-25 23:12:58,341 - aqt.installer - INFO - installer 11924 Finished installation of qtbase-Windows-Windows_10_22H2-MSVC2019-Windows-Windows_10_22H2-X86_64.7z in 13.72263250
2026-08-25 23:12:58,373 - aqt.helper - DEBUG - helper 11924 Attempt to download checksum at https://download.qt.io/online/qtsdkrepository/windows_x86/desktop/qt6_673/qt.qt6.673.win64_msvc2019_64/6.7.3-0-202409200836qttranslations-Windows-Windows_10_22H2-MSVC2019-Windows-Windows_10_22H2-X86_64.7z.sha256
2026-08-25 23:12:59,760 - aqt.helper - INFO - helper 11924 Downloading qttranslations...
2026-08-25 23:12:59,760 - aqt.installer - DEBUG - installer 11924 Download URL: https://download.qt.io/online/qtsdkrepository/windows_x86/desktop/qt6_673/qt.qt6.673.win64_msvc2019_64/6.7.3-0-202409200836qttranslations-Windows-Windows_10_22H2-MSVC2019-Windows-Windows_10_22H2-X86_64.7z
2026-08-25 23:13:01,022 - aqt.helper - DEBUG - helper 11924 Asked to redirect(302) to: https://ftp.jaist.ac.jp/pub/qtproject/online/qtsdkrepository/windows_x86/desktop/qt6_673/qt.qt6.673.win64_msvc2019_64/6.7.3-0-202409200836qttranslations-Windows-Windows_10_22H2-MSVC2019-Windows-Windows_10_22H2-X86_64.7z
2026-08-25 23:13:01,022 - aqt.helper - INFO - helper 11924 Redirected: ftp.jaist.ac.jp
2026-08-25 23:13:04,501 - aqt.installer - INFO - installer 12336 Finished installation of qttools-Windows-Windows_10_22H2-MSVC2019-Windows-Windows_10_22H2-X86_64.7z in 16.38307040
2026-08-25 23:13:04,518 - aqt.helper - DEBUG - helper 12336 Attempt to download checksum at https://download.qt.io/online/qtsdkrepository/windows_x86/desktop/qt6_673/qt.qt6.673.win64_msvc2019_64/6.7.3-0-202409200836d3dcompiler_47-x64.7z.sha256
2026-08-25 23:13:04,948 - aqt.installer - INFO - installer 11924 Finished installation of qttranslations-Windows-Windows_10_22H2-MSVC2019-Windows-Windows_10_22H2-X86_64.7z in 6.57690430
2026-08-25 23:13:04,964 - aqt.helper - DEBUG - helper 11924 Attempt to download checksum at https://download.qt.io/online/qtsdkrepository/windows_x86/desktop/qt6_673/qt.qt6.673.win64_msvc2019_64/6.7.3-0-202409200836opengl32sw-64-mesa_11_2_2-signed_sha256.7z.sha256
2026-08-25 23:13:05,746 - aqt.helper - INFO - helper 12336 Downloading d3dcompiler_47...
2026-08-25 23:13:05,747 - aqt.installer - DEBUG - installer 12336 Download URL: https://download.qt.io/online/qtsdkrepository/windows_x86/desktop/qt6_673/qt.qt6.673.win64_msvc2019_64/6.7.3-0-202409200836d3dcompiler_47-x64.7z
2026-08-25 23:13:06,226 - aqt.helper - INFO - helper 11924 Downloading opengl32sw...
2026-08-25 23:13:06,226 - aqt.installer - DEBUG - installer 11924 Download URL: https://download.qt.io/online/qtsdkrepository/windows_x86/desktop/qt6_673/qt.qt6.673.win64_msvc2019_64/6.7.3-0-202409200836opengl32sw-64-mesa_11_2_2-signed_sha256.7z
2026-08-25 23:13:07,065 - aqt.helper - DEBUG - helper 12336 Asked to redirect(302) to: https://ftp.jaist.ac.jp/pub/qtproject/online/qtsdkrepository/windows_x86/desktop/qt6_673/qt.qt6.673.win64_msvc2019_64/6.7.3-0-202409200836d3dcompiler_47-x64.7z
2026-08-25 23:13:07,065 - aqt.helper - INFO - helper 12336 Redirected: ftp.jaist.ac.jp
2026-08-25 23:13:07,438 - aqt.helper - DEBUG - helper 11924 Asked to redirect(302) to: https://ftp.jaist.ac.jp/pub/qtproject/online/qtsdkrepository/windows_x86/desktop/qt6_673/qt.qt6.673.win64_msvc2019_64/6.7.3-0-202409200836opengl32sw-64-mesa_11_2_2-signed_sha256.7z
2026-08-25 23:13:07,438 - aqt.helper - INFO - helper 11924 Redirected: ftp.jaist.ac.jp
2026-08-25 23:13:07,937 - aqt.installer - INFO - installer 12336 Finished installation of d3dcompiler_47-x64.7z in 3.42172770
2026-08-25 23:13:09,558 - aqt.installer - INFO - installer 11924 Finished installation of opengl32sw-64-mesa_11_2_2-signed_sha256.7z in 4.59613460
2026-08-25 23:13:24,241 - aqt.installer - INFO - installer 12492 Finished installation of qtwebengine-Windows-Windows_10_22H2-MSVC2019-Windows-Windows_10_22H2-X86_64.7z in 42.87561100
2026-08-25 23:13:24,492 - aqt.installer - INFO - installer 2116 Finished installation of qtdeclarative-Windows-Windows_10_22H2-MSVC2019-Windows-Windows_10_22H2-X86_64.7z in 39.07905310
2026-08-25 23:13:24,807 - aqt.updater - INFO - updater 10428 Patching D:\Qt\6.7.3\msvc2019_64\bin\qmake.exe
2026-08-25 23:13:24,813 - aqt.updater - INFO - updater 10428 Patching D:\Qt\6.7.3\msvc2019_64\lib\Qt6Concurrent.prl
2026-08-25 23:13:24,821 - aqt.updater - INFO - updater 10428 Patching D:\Qt\6.7.3\msvc2019_64\lib\Qt6Concurrentd.prl
2026-08-25 23:13:24,829 - aqt.updater - INFO - updater 10428 Patching D:\Qt\6.7.3\msvc2019_64\lib\Qt6Core.prl
2026-08-25 23:13:24,837 - aqt.updater - INFO - updater 10428 Patching D:\Qt\6.7.3\msvc2019_64\lib\Qt6Cored.prl
2026-08-25 23:13:24,844 - aqt.updater - INFO - updater 10428 Patching D:\Qt\6.7.3\msvc2019_64\lib\Qt6DBus.prl
2026-08-25 23:13:24,855 - aqt.updater - INFO - updater 10428 Patching D:\Qt\6.7.3\msvc2019_64\lib\Qt6DBusd.prl
2026-08-25 23:13:24,862 - aqt.updater - INFO - updater 10428 Patching D:\Qt\6.7.3\msvc2019_64\lib\Qt6Designer.prl
2026-08-25 23:13:24,869 - aqt.updater - INFO - updater 10428 Patching D:\Qt\6.7.3\msvc2019_64\lib\Qt6DesignerComponents.prl
2026-08-25 23:13:24,878 - aqt.updater - INFO - updater 10428 Patching D:\Qt\6.7.3\msvc2019_64\lib\Qt6DesignerComponentsd.prl
2026-08-25 23:13:24,885 - aqt.updater - INFO - updater 10428 Patching D:\Qt\6.7.3\msvc2019_64\lib\Qt6Designerd.prl
2026-08-25 23:13:24,895 - aqt.updater - INFO - updater 10428 Patching D:\Qt\6.7.3\msvc2019_64\lib\Qt6DeviceDiscoverySupport.prl
2026-08-25 23:13:24,902 - aqt.updater - INFO - updater 10428 Patching D:\Qt\6.7.3\msvc2019_64\lib\Qt6DeviceDiscoverySupportd.prl
2026-08-25 23:13:24,910 - aqt.updater - INFO - updater 10428 Patching D:\Qt\6.7.3\msvc2019_64\lib\Qt6EntryPoint.prl
2026-08-25 23:13:24,918 - aqt.updater - INFO - updater 10428 Patching D:\Qt\6.7.3\msvc2019_64\lib\Qt6EntryPointd.prl
2026-08-25 23:13:24,926 - aqt.updater - INFO - updater 10428 Patching D:\Qt\6.7.3\msvc2019_64\lib\Qt6ExampleIcons.prl
2026-08-25 23:13:24,934 - aqt.updater - INFO - updater 10428 Patching D:\Qt\6.7.3\msvc2019_64\lib\Qt6ExampleIconsd.prl
2026-08-25 23:13:24,941 - aqt.updater - INFO - updater 10428 Patching D:\Qt\6.7.3\msvc2019_64\lib\Qt6FbSupport.prl
2026-08-25 23:13:24,950 - aqt.updater - INFO - updater 10428 Patching D:\Qt\6.7.3\msvc2019_64\lib\Qt6FbSupportd.prl
2026-08-25 23:13:24,957 - aqt.updater - INFO - updater 10428 Patching D:\Qt\6.7.3\msvc2019_64\lib\Qt6Gui.prl
2026-08-25 23:13:24,967 - aqt.updater - INFO - updater 10428 Patching D:\Qt\6.7.3\msvc2019_64\lib\Qt6Guid.prl
2026-08-25 23:13:24,974 - aqt.updater - INFO - updater 10428 Patching D:\Qt\6.7.3\msvc2019_64\lib\Qt6Help.prl
2026-08-25 23:13:24,983 - aqt.updater - INFO - updater 10428 Patching D:\Qt\6.7.3\msvc2019_64\lib\Qt6Helpd.prl
2026-08-25 23:13:24,992 - aqt.updater - INFO - updater 10428 Patching D:\Qt\6.7.3\msvc2019_64\lib\Qt6LabsAnimation.prl
2026-08-25 23:13:25,000 - aqt.updater - INFO - updater 10428 Patching D:\Qt\6.7.3\msvc2019_64\lib\Qt6LabsAnimationd.prl
2026-08-25 23:13:25,009 - aqt.updater - INFO - updater 10428 Patching D:\Qt\6.7.3\msvc2019_64\lib\Qt6LabsFolderListModel.prl
2026-08-25 23:13:25,016 - aqt.updater - INFO - updater 10428 Patching D:\Qt\6.7.3\msvc2019_64\lib\Qt6LabsFolderListModeld.prl
2026-08-25 23:13:25,025 - aqt.updater - INFO - updater 10428 Patching D:\Qt\6.7.3\msvc2019_64\lib\Qt6LabsQmlModels.prl
2026-08-25 23:13:25,035 - aqt.updater - INFO - updater 10428 Patching D:\Qt\6.7.3\msvc2019_64\lib\Qt6LabsQmlModelsd.prl
2026-08-25 23:13:25,043 - aqt.updater - INFO - updater 10428 Patching D:\Qt\6.7.3\msvc2019_64\lib\Qt6LabsSettings.prl
2026-08-25 23:13:25,051 - aqt.updater - INFO - updater 10428 Patching D:\Qt\6.7.3\msvc2019_64\lib\Qt6LabsSettingsd.prl
2026-08-25 23:13:25,058 - aqt.updater - INFO - updater 10428 Patching D:\Qt\6.7.3\msvc2019_64\lib\Qt6LabsSharedImage.prl
2026-08-25 23:13:25,066 - aqt.updater - INFO - updater 10428 Patching D:\Qt\6.7.3\msvc2019_64\lib\Qt6LabsSharedImaged.prl
2026-08-25 23:13:25,074 - aqt.updater - INFO - updater 10428 Patching D:\Qt\6.7.3\msvc2019_64\lib\Qt6LabsWavefrontMesh.prl
2026-08-25 23:13:25,082 - aqt.updater - INFO - updater 10428 Patching D:\Qt\6.7.3\msvc2019_64\lib\Qt6LabsWavefrontMeshd.prl
2026-08-25 23:13:25,091 - aqt.updater - INFO - updater 10428 Patching D:\Qt\6.7.3\msvc2019_64\lib\Qt6Network.prl
2026-08-25 23:13:25,100 - aqt.updater - INFO - updater 10428 Patching D:\Qt\6.7.3\msvc2019_64\lib\Qt6Networkd.prl
2026-08-25 23:13:25,108 - aqt.updater - INFO - updater 10428 Patching D:\Qt\6.7.3\msvc2019_64\lib\Qt6OpenGL.prl
2026-08-25 23:13:25,115 - aqt.updater - INFO - updater 10428 Patching D:\Qt\6.7.3\msvc2019_64\lib\Qt6OpenGLd.prl
2026-08-25 23:13:25,122 - aqt.updater - INFO - updater 10428 Patching D:\Qt\6.7.3\msvc2019_64\lib\Qt6OpenGLWidgets.prl
2026-08-25 23:13:25,130 - aqt.updater - INFO - updater 10428 Patching D:\Qt\6.7.3\msvc2019_64\lib\Qt6OpenGLWidgetsd.prl
2026-08-25 23:13:25,137 - aqt.updater - INFO - updater 10428 Patching D:\Qt\6.7.3\msvc2019_64\lib\Qt6PacketProtocol.prl
2026-08-25 23:13:25,147 - aqt.updater - INFO - updater 10428 Patching D:\Qt\6.7.3\msvc2019_64\lib\Qt6PacketProtocold.prl
2026-08-25 23:13:25,155 - aqt.updater - INFO - updater 10428 Patching D:\Qt\6.7.3\msvc2019_64\lib\Qt6Positioning.prl
2026-08-25 23:13:25,162 - aqt.updater - INFO - updater 10428 Patching D:\Qt\6.7.3\msvc2019_64\lib\Qt6Positioningd.prl
2026-08-25 23:13:25,170 - aqt.updater - INFO - updater 10428 Patching D:\Qt\6.7.3\msvc2019_64\lib\Qt6PositioningQuick.prl
2026-08-25 23:13:25,179 - aqt.updater - INFO - updater 10428 Patching D:\Qt\6.7.3\msvc2019_64\lib\Qt6PositioningQuickd.prl
2026-08-25 23:13:25,187 - aqt.updater - INFO - updater 10428 Patching D:\Qt\6.7.3\msvc2019_64\lib\Qt6PrintSupport.prl
2026-08-25 23:13:25,195 - aqt.updater - INFO - updater 10428 Patching D:\Qt\6.7.3\msvc2019_64\lib\Qt6PrintSupportd.prl
2026-08-25 23:13:25,203 - aqt.updater - INFO - updater 10428 Patching D:\Qt\6.7.3\msvc2019_64\lib\Qt6Qml.prl
2026-08-25 23:13:25,210 - aqt.updater - INFO - updater 10428 Patching D:\Qt\6.7.3\msvc2019_64\lib\Qt6QmlBuiltins.prl
2026-08-25 23:13:25,217 - aqt.updater - INFO - updater 10428 Patching D:\Qt\6.7.3\msvc2019_64\lib\Qt6QmlBuiltinsd.prl
2026-08-25 23:13:25,224 - aqt.updater - INFO - updater 10428 Patching D:\Qt\6.7.3\msvc2019_64\lib\Qt6QmlCompiler.prl
2026-08-25 23:13:25,234 - aqt.updater - INFO - updater 10428 Patching D:\Qt\6.7.3\msvc2019_64\lib\Qt6QmlCompilerd.prl
2026-08-25 23:13:25,242 - aqt.updater - INFO - updater 10428 Patching D:\Qt\6.7.3\msvc2019_64\lib\Qt6QmlCore.prl
2026-08-25 23:13:25,254 - aqt.updater - INFO - updater 10428 Patching D:\Qt\6.7.3\msvc2019_64\lib\Qt6QmlCored.prl
2026-08-25 23:13:25,269 - aqt.updater - INFO - updater 10428 Patching D:\Qt\6.7.3\msvc2019_64\lib\Qt6Qmld.prl
2026-08-25 23:13:25,276 - aqt.updater - INFO - updater 10428 Patching D:\Qt\6.7.3\msvc2019_64\lib\Qt6QmlDebug.prl
2026-08-25 23:13:25,284 - aqt.updater - INFO - updater 10428 Patching D:\Qt\6.7.3\msvc2019_64\lib\Qt6QmlDebugd.prl
2026-08-25 23:13:25,294 - aqt.updater - INFO - updater 10428 Patching D:\Qt\6.7.3\msvc2019_64\lib\Qt6QmlDom.prl
2026-08-25 23:13:25,302 - aqt.updater - INFO - updater 10428 Patching D:\Qt\6.7.3\msvc2019_64\lib\Qt6QmlDomd.prl
2026-08-25 23:13:25,311 - aqt.updater - INFO - updater 10428 Patching D:\Qt\6.7.3\msvc2019_64\lib\Qt6QmlLocalStorage.prl
2026-08-25 23:13:25,318 - aqt.updater - INFO - updater 10428 Patching D:\Qt\6.7.3\msvc2019_64\lib\Qt6QmlLocalStoraged.prl
2026-08-25 23:13:25,327 - aqt.updater - INFO - updater 10428 Patching D:\Qt\6.7.3\msvc2019_64\lib\Qt6QmlLS.prl
2026-08-25 23:13:25,337 - aqt.updater - INFO - updater 10428 Patching D:\Qt\6.7.3\msvc2019_64\lib\Qt6QmlLSd.prl
2026-08-25 23:13:25,345 - aqt.updater - INFO - updater 10428 Patching D:\Qt\6.7.3\msvc2019_64\lib\Qt6QmlModels.prl
2026-08-25 23:13:25,353 - aqt.updater - INFO - updater 10428 Patching D:\Qt\6.7.3\msvc2019_64\lib\Qt6QmlModelsd.prl
2026-08-25 23:13:25,361 - aqt.updater - INFO - updater 10428 Patching D:\Qt\6.7.3\msvc2019_64\lib\Qt6QmlNetwork.prl
2026-08-25 23:13:25,369 - aqt.updater - INFO - updater 10428 Patching D:\Qt\6.7.3\msvc2019_64\lib\Qt6QmlNetworkd.prl
2026-08-25 23:13:25,376 - aqt.updater - INFO - updater 10428 Patching D:\Qt\6.7.3\msvc2019_64\lib\Qt6QmlToolingSettings.prl
2026-08-25 23:13:25,384 - aqt.updater - INFO - updater 10428 Patching D:\Qt\6.7.3\msvc2019_64\lib\Qt6QmlToolingSettingsd.prl
2026-08-25 23:13:25,391 - aqt.updater - INFO - updater 10428 Patching D:\Qt\6.7.3\msvc2019_64\lib\Qt6QmlTypeRegistrar.prl
2026-08-25 23:13:25,400 - aqt.updater - INFO - updater 10428 Patching D:\Qt\6.7.3\msvc2019_64\lib\Qt6QmlTypeRegistrard.prl
2026-08-25 23:13:25,407 - aqt.updater - INFO - updater 10428 Patching D:\Qt\6.7.3\msvc2019_64\lib\Qt6QmlWorkerScript.prl
2026-08-25 23:13:25,415 - aqt.updater - INFO - updater 10428 Patching D:\Qt\6.7.3\msvc2019_64\lib\Qt6QmlWorkerScriptd.prl
2026-08-25 23:13:25,422 - aqt.updater - INFO - updater 10428 Patching D:\Qt\6.7.3\msvc2019_64\lib\Qt6QmlXmlListModel.prl
2026-08-25 23:13:25,431 - aqt.updater - INFO - updater 10428 Patching D:\Qt\6.7.3\msvc2019_64\lib\Qt6QmlXmlListModeld.prl
2026-08-25 23:13:25,440 - aqt.updater - INFO - updater 10428 Patching D:\Qt\6.7.3\msvc2019_64\lib\Qt6Quick.prl
2026-08-25 23:13:25,447 - aqt.updater - INFO - updater 10428 Patching D:\Qt\6.7.3\msvc2019_64\lib\Qt6QuickControls2.prl
2026-08-25 23:13:25,455 - aqt.updater - INFO - updater 10428 Patching D:\Qt\6.7.3\msvc2019_64\lib\Qt6QuickControls2Basic.prl
2026-08-25 23:13:25,464 - aqt.updater - INFO - updater 10428 Patching D:\Qt\6.7.3\msvc2019_64\lib\Qt6QuickControls2Basicd.prl
2026-08-25 23:13:25,472 - aqt.updater - INFO - updater 10428 Patching D:\Qt\6.7.3\msvc2019_64\lib\Qt6QuickControls2BasicStyleImpl.prl
2026-08-25 23:13:25,480 - aqt.updater - INFO - updater 10428 Patching D:\Qt\6.7.3\msvc2019_64\lib\Qt6QuickControls2BasicStyleImpld.prl
2026-08-25 23:13:25,490 - aqt.updater - INFO - updater 10428 Patching D:\Qt\6.7.3\msvc2019_64\lib\Qt6QuickControls2d.prl
2026-08-25 23:13:25,499 - aqt.updater - INFO - updater 10428 Patching D:\Qt\6.7.3\msvc2019_64\lib\Qt6QuickControls2Fusion.prl
2026-08-25 23:13:25,510 - aqt.updater - INFO - updater 10428 Patching D:\Qt\6.7.3\msvc2019_64\lib\Qt6QuickControls2Fusiond.prl
2026-08-25 23:13:25,522 - aqt.updater - INFO - updater 10428 Patching D:\Qt\6.7.3\msvc2019_64\lib\Qt6QuickControls2FusionStyleImpl.prl
2026-08-25 23:13:25,531 - aqt.updater - INFO - updater 10428 Patching D:\Qt\6.7.3\msvc2019_64\lib\Qt6QuickControls2FusionStyleImpld.prl
2026-08-25 23:13:25,538 - aqt.updater - INFO - updater 10428 Patching D:\Qt\6.7.3\msvc2019_64\lib\Qt6QuickControls2Imagine.prl
2026-08-25 23:13:25,545 - aqt.updater - INFO - updater 10428 Patching D:\Qt\6.7.3\msvc2019_64\lib\Qt6QuickControls2Imagined.prl
2026-08-25 23:13:25,558 - aqt.updater - INFO - updater 10428 Patching D:\Qt\6.7.3\msvc2019_64\lib\Qt6QuickControls2ImagineStyleImpl.prl
2026-08-25 23:13:25,565 - aqt.updater - INFO - updater 10428 Patching D:\Qt\6.7.3\msvc2019_64\lib\Qt6QuickControls2ImagineStyleImpld.prl
2026-08-25 23:13:25,575 - aqt.updater - INFO - updater 10428 Patching D:\Qt\6.7.3\msvc2019_64\lib\Qt6QuickControls2Impl.prl
2026-08-25 23:13:25,584 - aqt.updater - INFO - updater 10428 Patching D:\Qt\6.7.3\msvc2019_64\lib\Qt6QuickControls2Impld.prl
2026-08-25 23:13:25,591 - aqt.updater - INFO - updater 10428 Patching D:\Qt\6.7.3\msvc2019_64\lib\Qt6QuickControls2Material.prl
2026-08-25 23:13:25,601 - aqt.updater - INFO - updater 10428 Patching D:\Qt\6.7.3\msvc2019_64\lib\Qt6QuickControls2Materiald.prl
2026-08-25 23:13:25,642 - aqt.updater - INFO - updater 10428 Patching D:\Qt\6.7.3\msvc2019_64\lib\Qt6QuickControls2MaterialStyleImpl.prl
2026-08-25 23:13:25,649 - aqt.updater - INFO - updater 10428 Patching D:\Qt\6.7.3\msvc2019_64\lib\Qt6QuickControls2MaterialStyleImpld.prl
2026-08-25 23:13:25,656 - aqt.updater - INFO - updater 10428 Patching D:\Qt\6.7.3\msvc2019_64\lib\Qt6QuickControls2Universal.prl
2026-08-25 23:13:25,665 - aqt.updater - INFO - updater 10428 Patching D:\Qt\6.7.3\msvc2019_64\lib\Qt6QuickControls2Universald.prl
2026-08-25 23:13:25,674 - aqt.updater - INFO - updater 10428 Patching D:\Qt\6.7.3\msvc2019_64\lib\Qt6QuickControls2UniversalStyleImpl.prl
2026-08-25 23:13:25,680 - aqt.updater - INFO - updater 10428 Patching D:\Qt\6.7.3\msvc2019_64\lib\Qt6QuickControls2UniversalStyleImpld.prl
2026-08-25 23:13:25,690 - aqt.updater - INFO - updater 10428 Patching D:\Qt\6.7.3\msvc2019_64\lib\Qt6QuickControls2WindowsStyleImpl.prl
2026-08-25 23:13:25,698 - aqt.updater - INFO - updater 10428 Patching D:\Qt\6.7.3\msvc2019_64\lib\Qt6QuickControls2WindowsStyleImpld.prl
2026-08-25 23:13:25,706 - aqt.updater - INFO - updater 10428 Patching D:\Qt\6.7.3\msvc2019_64\lib\Qt6QuickControlsTestUtils.prl
2026-08-25 23:13:25,714 - aqt.updater - INFO - updater 10428 Patching D:\Qt\6.7.3\msvc2019_64\lib\Qt6QuickControlsTestUtilsd.prl
2026-08-25 23:13:25,724 - aqt.updater - INFO - updater 10428 Patching D:\Qt\6.7.3\msvc2019_64\lib\Qt6Quickd.prl
2026-08-25 23:13:25,732 - aqt.updater - INFO - updater 10428 Patching D:\Qt\6.7.3\msvc2019_64\lib\Qt6QuickDialogs2.prl
2026-08-25 23:13:25,739 - aqt.updater - INFO - updater 10428 Patching D:\Qt\6.7.3\msvc2019_64\lib\Qt6QuickDialogs2d.prl
2026-08-25 23:13:25,747 - aqt.updater - INFO - updater 10428 Patching D:\Qt\6.7.3\msvc2019_64\lib\Qt6QuickDialogs2QuickImpl.prl
2026-08-25 23:13:25,760 - aqt.updater - INFO - updater 10428 Patching D:\Qt\6.7.3\msvc2019_64\lib\Qt6QuickDialogs2QuickImpld.prl
2026-08-25 23:13:25,773 - aqt.updater - INFO - updater 10428 Patching D:\Qt\6.7.3\msvc2019_64\lib\Qt6QuickDialogs2Utils.prl
2026-08-25 23:13:25,782 - aqt.updater - INFO - updater 10428 Patching D:\Qt\6.7.3\msvc2019_64\lib\Qt6QuickDialogs2Utilsd.prl
2026-08-25 23:13:25,791 - aqt.updater - INFO - updater 10428 Patching D:\Qt\6.7.3\msvc2019_64\lib\Qt6QuickEffects.prl
2026-08-25 23:13:25,799 - aqt.updater - INFO - updater 10428 Patching D:\Qt\6.7.3\msvc2019_64\lib\Qt6QuickEffectsd.prl
2026-08-25 23:13:25,806 - aqt.updater - INFO - updater 10428 Patching D:\Qt\6.7.3\msvc2019_64\lib\Qt6QuickLayouts.prl
2026-08-25 23:13:25,813 - aqt.updater - INFO - updater 10428 Patching D:\Qt\6.7.3\msvc2019_64\lib\Qt6QuickLayoutsd.prl
2026-08-25 23:13:25,820 - aqt.updater - INFO - updater 10428 Patching D:\Qt\6.7.3\msvc2019_64\lib\Qt6QuickParticles.prl
2026-08-25 23:13:25,829 - aqt.updater - INFO - updater 10428 Patching D:\Qt\6.7.3\msvc2019_64\lib\Qt6QuickParticlesd.prl
2026-08-25 23:13:25,838 - aqt.updater - INFO - updater 10428 Patching D:\Qt\6.7.3\msvc2019_64\lib\Qt6QuickShapes.prl
2026-08-25 23:13:25,845 - aqt.updater - INFO - updater 10428 Patching D:\Qt\6.7.3\msvc2019_64\lib\Qt6QuickShapesd.prl
2026-08-25 23:13:25,852 - aqt.updater - INFO - updater 10428 Patching D:\Qt\6.7.3\msvc2019_64\lib\Qt6QuickTemplates2.prl
2026-08-25 23:13:25,860 - aqt.updater - INFO - updater 10428 Patching D:\Qt\6.7.3\msvc2019_64\lib\Qt6QuickTemplates2d.prl
2026-08-25 23:13:25,868 - aqt.updater - INFO - updater 10428 Patching D:\Qt\6.7.3\msvc2019_64\lib\Qt6QuickTest.prl
2026-08-25 23:13:25,875 - aqt.updater - INFO - updater 10428 Patching D:\Qt\6.7.3\msvc2019_64\lib\Qt6QuickTestd.prl
2026-08-25 23:13:25,885 - aqt.updater - INFO - updater 10428 Patching D:\Qt\6.7.3\msvc2019_64\lib\Qt6QuickTestUtils.prl
2026-08-25 23:13:25,893 - aqt.updater - INFO - updater 10428 Patching D:\Qt\6.7.3\msvc2019_64\lib\Qt6QuickTestUtilsd.prl
2026-08-25 23:13:25,900 - aqt.updater - INFO - updater 10428 Patching D:\Qt\6.7.3\msvc2019_64\lib\Qt6QuickWidgets.prl
2026-08-25 23:13:25,908 - aqt.updater - INFO - updater 10428 Patching D:\Qt\6.7.3\msvc2019_64\lib\Qt6QuickWidgetsd.prl
2026-08-25 23:13:25,915 - aqt.updater - INFO - updater 10428 Patching D:\Qt\6.7.3\msvc2019_64\lib\Qt6Sql.prl
2026-08-25 23:13:25,922 - aqt.updater - INFO - updater 10428 Patching D:\Qt\6.7.3\msvc2019_64\lib\Qt6Sqld.prl
2026-08-25 23:13:25,929 - aqt.updater - INFO - updater 10428 Patching D:\Qt\6.7.3\msvc2019_64\lib\Qt6Svg.prl
2026-08-25 23:13:25,938 - aqt.updater - INFO - updater 10428 Patching D:\Qt\6.7.3\msvc2019_64\lib\Qt6Svgd.prl
2026-08-25 23:13:25,947 - aqt.updater - INFO - updater 10428 Patching D:\Qt\6.7.3\msvc2019_64\lib\Qt6SvgWidgets.prl
2026-08-25 23:13:25,954 - aqt.updater - INFO - updater 10428 Patching D:\Qt\6.7.3\msvc2019_64\lib\Qt6SvgWidgetsd.prl
2026-08-25 23:13:25,960 - aqt.updater - INFO - updater 10428 Patching D:\Qt\6.7.3\msvc2019_64\lib\Qt6Test.prl
2026-08-25 23:13:25,970 - aqt.updater - INFO - updater 10428 Patching D:\Qt\6.7.3\msvc2019_64\lib\Qt6Testd.prl
2026-08-25 23:13:25,978 - aqt.updater - INFO - updater 10428 Patching D:\Qt\6.7.3\msvc2019_64\lib\Qt6UiTools.prl
2026-08-25 23:13:25,985 - aqt.updater - INFO - updater 10428 Patching D:\Qt\6.7.3\msvc2019_64\lib\Qt6UiToolsd.prl
2026-08-25 23:13:25,992 - aqt.updater - INFO - updater 10428 Patching D:\Qt\6.7.3\msvc2019_64\lib\Qt6WebChannel.prl
2026-08-25 23:13:25,999 - aqt.updater - INFO - updater 10428 Patching D:\Qt\6.7.3\msvc2019_64\lib\Qt6WebChanneld.prl
2026-08-25 23:13:26,008 - aqt.updater - INFO - updater 10428 Patching D:\Qt\6.7.3\msvc2019_64\lib\Qt6WebChannelQuick.prl
2026-08-25 23:13:26,031 - aqt.updater - INFO - updater 10428 Patching D:\Qt\6.7.3\msvc2019_64\lib\Qt6WebChannelQuickd.prl
2026-08-25 23:13:26,040 - aqt.updater - INFO - updater 10428 Patching D:\Qt\6.7.3\msvc2019_64\lib\Qt6WebEngineCore.prl
2026-08-25 23:13:26,047 - aqt.updater - INFO - updater 10428 Patching D:\Qt\6.7.3\msvc2019_64\lib\Qt6WebEngineCored.prl
2026-08-25 23:13:26,055 - aqt.updater - INFO - updater 10428 Patching D:\Qt\6.7.3\msvc2019_64\lib\Qt6WebEngineQuick.prl
2026-08-25 23:13:26,062 - aqt.updater - INFO - updater 10428 Patching D:\Qt\6.7.3\msvc2019_64\lib\Qt6WebEngineQuickd.prl
2026-08-25 23:13:26,071 - aqt.updater - INFO - updater 10428 Patching D:\Qt\6.7.3\msvc2019_64\lib\Qt6WebEngineQuickDelegatesQml.prl
2026-08-25 23:13:26,078 - aqt.updater - INFO - updater 10428 Patching D:\Qt\6.7.3\msvc2019_64\lib\Qt6WebEngineQuickDelegatesQmld.prl
2026-08-25 23:13:26,086 - aqt.updater - INFO - updater 10428 Patching D:\Qt\6.7.3\msvc2019_64\lib\Qt6WebEngineWidgets.prl
2026-08-25 23:13:26,094 - aqt.updater - INFO - updater 10428 Patching D:\Qt\6.7.3\msvc2019_64\lib\Qt6WebEngineWidgetsd.prl
2026-08-25 23:13:26,102 - aqt.updater - INFO - updater 10428 Patching D:\Qt\6.7.3\msvc2019_64\lib\Qt6WebSockets.prl
2026-08-25 23:13:26,109 - aqt.updater - INFO - updater 10428 Patching D:\Qt\6.7.3\msvc2019_64\lib\Qt6WebSocketsd.prl
2026-08-25 23:13:26,116 - aqt.updater - INFO - updater 10428 Patching D:\Qt\6.7.3\msvc2019_64\lib\Qt6Widgets.prl
2026-08-25 23:13:26,125 - aqt.updater - INFO - updater 10428 Patching D:\Qt\6.7.3\msvc2019_64\lib\Qt6Widgetsd.prl
2026-08-25 23:13:26,132 - aqt.updater - INFO - updater 10428 Patching D:\Qt\6.7.3\msvc2019_64\lib\Qt6Xml.prl
2026-08-25 23:13:26,139 - aqt.updater - INFO - updater 10428 Patching D:\Qt\6.7.3\msvc2019_64\lib\Qt6Xmld.prl
2026-08-25 23:13:26,149 - aqt.main - INFO - installer 10428 Finished installation
2026-08-25 23:13:26,149 - aqt.main - INFO - installer 10428 Time elapsed: 49.85196980 second
2026-08-28 23:24:52,147 - aqt.main - INFO - installer 10944 aqtinstall(aqt) v3.3.0 on Python 3.14.3 [CPython MSC v.1944 64 bit (AMD64)]
2026-08-28 23:24:52,148 - aqt.helper - DEBUG - helper 10944 Attempt to download checksum at https://download.qt.io/online/qtsdkrepository/windows_x86/desktop/qt6_673/Updates.xml.sha256
2026-08-28 23:24:57,407 - aqt.helper - DEBUG - helper 16476 Attempt to download checksum at https://download.qt.io/online/qtsdkrepository/windows_x86/desktop/qt6_673/qt.qt6.673.addons.qtimageformats.win64_msvc2019_64/6.7.3-0-202409200836qtimageformats-Windows-Windows_10_22H2-MSVC2019-Windows-Windows_10_22H2-X86_64.7z.sha256
2026-08-28 23:24:57,414 - aqt.helper - DEBUG - helper 15052 Attempt to download checksum at https://download.qt.io/online/qtsdkrepository/windows_x86/desktop/qt6_673/qt.qt6.673.win64_msvc2019_64/6.7.3-0-202409200836qtbase-Windows-Windows_10_22H2-MSVC2019-Windows-Windows_10_22H2-X86_64.7z.sha256
2026-08-28 23:24:57,419 - aqt.helper - DEBUG - helper 5852 Attempt to download checksum at https://download.qt.io/online/qtsdkrepository/windows_x86/desktop/qt6_673/qt.qt6.673.win64_msvc2019_64/6.7.3-0-202409200836qtsvg-Windows-Windows_10_22H2-MSVC2019-Windows-Windows_10_22H2-X86_64.7z.sha256
2026-08-28 23:24:57,426 - aqt.helper - DEBUG - helper 16728 Attempt to download checksum at https://download.qt.io/online/qtsdkrepository/windows_x86/desktop/qt6_673/qt.qt6.673.win64_msvc2019_64/6.7.3-0-202409200836qtdeclarative-Windows-Windows_10_22H2-MSVC2019-Windows-Windows_10_22H2-X86_64.7z.sha256
2026-08-28 23:24:58,730 - aqt.helper - INFO - helper 16728 Downloading qtdeclarative...
2026-08-28 23:24:58,730 - aqt.installer - DEBUG - installer 16728 Download URL: https://download.qt.io/online/qtsdkrepository/windows_x86/desktop/qt6_673/qt.qt6.673.win64_msvc2019_64/6.7.3-0-202409200836qtdeclarative-Windows-Windows_10_22H2-MSVC2019-Windows-Windows_10_22H2-X86_64.7z
2026-08-28 23:24:58,747 - aqt.helper - INFO - helper 15052 Downloading qtbase...
2026-08-28 23:24:58,747 - aqt.installer - DEBUG - installer 15052 Download URL: https://download.qt.io/online/qtsdkrepository/windows_x86/desktop/qt6_673/qt.qt6.673.win64_msvc2019_64/6.7.3-0-202409200836qtbase-Windows-Windows_10_22H2-MSVC2019-Windows-Windows_10_22H2-X86_64.7z
2026-08-28 23:24:58,813 - aqt.helper - INFO - helper 16476 Downloading qtimageformats...
2026-08-28 23:24:58,813 - aqt.installer - DEBUG - installer 16476 Download URL: https://download.qt.io/online/qtsdkrepository/windows_x86/desktop/qt6_673/qt.qt6.673.addons.qtimageformats.win64_msvc2019_64/6.7.3-0-202409200836qtimageformats-Windows-Windows_10_22H2-MSVC2019-Windows-Windows_10_22H2-X86_64.7z
2026-08-28 23:24:58,891 - aqt.helper - INFO - helper 5852 Downloading qtsvg...
2026-08-28 23:24:58,891 - aqt.installer - DEBUG - installer 5852 Download URL: https://download.qt.io/online/qtsdkrepository/windows_x86/desktop/qt6_673/qt.qt6.673.win64_msvc2019_64/6.7.3-0-202409200836qtsvg-Windows-Windows_10_22H2-MSVC2019-Windows-Windows_10_22H2-X86_64.7z
2026-08-28 23:24:59,981 - aqt.helper - DEBUG - helper 16728 Asked to redirect(302) to: https://ftp.jaist.ac.jp/pub/qtproject/online/qtsdkrepository/windows_x86/desktop/qt6_673/qt.qt6.673.win64_msvc2019_64/6.7.3-0-202409200836qtdeclarative-Windows-Windows_10_22H2-MSVC2019-Windows-Windows_10_22H2-X86_64.7z
2026-08-28 23:24:59,981 - aqt.helper - INFO - helper 16728 Redirected: ftp.jaist.ac.jp
2026-08-28 23:25:00,050 - aqt.helper - DEBUG - helper 15052 Asked to redirect(302) to: https://ftp.jaist.ac.jp/pub/qtproject/online/qtsdkrepository/windows_x86/desktop/qt6_673/qt.qt6.673.win64_msvc2019_64/6.7.3-0-202409200836qtbase-Windows-Windows_10_22H2-MSVC2019-Windows-Windows_10_22H2-X86_64.7z
2026-08-28 23:25:00,050 - aqt.helper - INFO - helper 15052 Redirected: ftp.jaist.ac.jp
2026-08-28 23:25:00,092 - aqt.helper - DEBUG - helper 16476 Asked to redirect(302) to: https://ftp.jaist.ac.jp/pub/qtproject/online/qtsdkrepository/windows_x86/desktop/qt6_673/qt.qt6.673.addons.qtimageformats.win64_msvc2019_64/6.7.3-0-202409200836qtimageformats-Windows-Windows_10_22H2-MSVC2019-Windows-Windows_10_22H2-X86_64.7z
2026-08-28 23:25:00,092 - aqt.helper - INFO - helper 16476 Redirected: ftp.jaist.ac.jp
2026-08-28 23:25:00,178 - aqt.helper - DEBUG - helper 5852 Asked to redirect(302) to: https://ftp.jaist.ac.jp/pub/qtproject/online/qtsdkrepository/windows_x86/desktop/qt6_673/qt.qt6.673.win64_msvc2019_64/6.7.3-0-202409200836qtsvg-Windows-Windows_10_22H2-MSVC2019-Windows-Windows_10_22H2-X86_64.7z
2026-08-28 23:25:00,178 - aqt.helper - INFO - helper 5852 Redirected: ftp.jaist.ac.jp
2026-08-28 23:25:01,185 - aqt.installer - INFO - installer 16476 Finished installation of qtimageformats-Windows-Windows_10_22H2-MSVC2019-Windows-Windows_10_22H2-X86_64.7z in 3.77999230
2026-08-28 23:25:01,201 - aqt.helper - DEBUG - helper 16476 Attempt to download checksum at https://download.qt.io/online/qtsdkrepository/windows_x86/desktop/qt6_673/qt.qt6.673.win64_msvc2019_64/6.7.3-0-202409200836qttools-Windows-Windows_10_22H2-MSVC2019-Windows-Windows_10_22H2-X86_64.7z.sha256
2026-08-28 23:25:01,526 - aqt.installer - INFO - installer 5852 Finished installation of qtsvg-Windows-Windows_10_22H2-MSVC2019-Windows-Windows_10_22H2-X86_64.7z in 4.10903760
2026-08-28 23:25:01,541 - aqt.helper - DEBUG - helper 5852 Attempt to download checksum at https://download.qt.io/online/qtsdkrepository/windows_x86/desktop/qt6_673/qt.qt6.673.win64_msvc2019_64/6.7.3-0-202409200836qttranslations-Windows-Windows_10_22H2-MSVC2019-Windows-Windows_10_22H2-X86_64.7z.sha256
2026-08-28 23:25:02,478 - aqt.helper - INFO - helper 16476 Downloading qttools...
2026-08-28 23:25:02,478 - aqt.installer - DEBUG - installer 16476 Download URL: https://download.qt.io/online/qtsdkrepository/windows_x86/desktop/qt6_673/qt.qt6.673.win64_msvc2019_64/6.7.3-0-202409200836qttools-Windows-Windows_10_22H2-MSVC2019-Windows-Windows_10_22H2-X86_64.7z
2026-08-28 23:25:02,918 - aqt.helper - INFO - helper 5852 Downloading qttranslations...
2026-08-28 23:25:02,918 - aqt.installer - DEBUG - installer 5852 Download URL: https://download.qt.io/online/qtsdkrepository/windows_x86/desktop/qt6_673/qt.qt6.673.win64_msvc2019_64/6.7.3-0-202409200836qttranslations-Windows-Windows_10_22H2-MSVC2019-Windows-Windows_10_22H2-X86_64.7z
2026-08-28 23:25:03,758 - aqt.helper - DEBUG - helper 16476 Asked to redirect(302) to: https://ftp.jaist.ac.jp/pub/qtproject/online/qtsdkrepository/windows_x86/desktop/qt6_673/qt.qt6.673.win64_msvc2019_64/6.7.3-0-202409200836qttools-Windows-Windows_10_22H2-MSVC2019-Windows-Windows_10_22H2-X86_64.7z
2026-08-28 23:25:03,758 - aqt.helper - INFO - helper 16476 Redirected: ftp.jaist.ac.jp
2026-08-28 23:25:04,250 - aqt.helper - DEBUG - helper 5852 Asked to redirect(302) to: https://ftp.jaist.ac.jp/pub/qtproject/online/qtsdkrepository/windows_x86/desktop/qt6_673/qt.qt6.673.win64_msvc2019_64/6.7.3-0-202409200836qttranslations-Windows-Windows_10_22H2-MSVC2019-Windows-Windows_10_22H2-X86_64.7z
2026-08-28 23:25:04,250 - aqt.helper - INFO - helper 5852 Redirected: ftp.jaist.ac.jp
2026-08-28 23:25:05,500 - aqt.installer - INFO - installer 5852 Finished installation of qttranslations-Windows-Windows_10_22H2-MSVC2019-Windows-Windows_10_22H2-X86_64.7z in 3.96109590
2026-08-28 23:25:05,517 - aqt.helper - DEBUG - helper 5852 Attempt to download checksum at https://download.qt.io/online/qtsdkrepository/windows_x86/desktop/qt6_673/qt.qt6.673.win64_msvc2019_64/6.7.3-0-202409200836d3dcompiler_47-x64.7z.sha256
2026-08-28 23:25:06,836 - aqt.helper - INFO - helper 5852 Downloading d3dcompiler_47...
2026-08-28 23:25:06,836 - aqt.installer - DEBUG - installer 5852 Download URL: https://download.qt.io/online/qtsdkrepository/windows_x86/desktop/qt6_673/qt.qt6.673.win64_msvc2019_64/6.7.3-0-202409200836d3dcompiler_47-x64.7z
2026-08-28 23:25:08,121 - aqt.helper - DEBUG - helper 5852 Asked to redirect(302) to: https://ftp.jaist.ac.jp/pub/qtproject/online/qtsdkrepository/windows_x86/desktop/qt6_673/qt.qt6.673.win64_msvc2019_64/6.7.3-0-202409200836d3dcompiler_47-x64.7z
2026-08-28 23:25:08,121 - aqt.helper - INFO - helper 5852 Redirected: ftp.jaist.ac.jp
2026-08-28 23:25:09,092 - aqt.installer - INFO - installer 5852 Finished installation of d3dcompiler_47-x64.7z in 3.57721840
2026-08-28 23:25:09,107 - aqt.helper - DEBUG - helper 5852 Attempt to download checksum at https://download.qt.io/online/qtsdkrepository/windows_x86/desktop/qt6_673/qt.qt6.673.win64_msvc2019_64/6.7.3-0-202409200836opengl32sw-64-mesa_11_2_2-signed_sha256.7z.sha256
2026-08-28 23:25:10,325 - aqt.installer - INFO - installer 15052 Finished installation of qtbase-Windows-Windows_10_22H2-MSVC2019-Windows-Windows_10_22H2-X86_64.7z in 12.91302620
2026-08-28 23:25:10,392 - aqt.helper - INFO - helper 5852 Downloading opengl32sw...
2026-08-28 23:25:10,392 - aqt.installer - DEBUG - installer 5852 Download URL: https://download.qt.io/online/qtsdkrepository/windows_x86/desktop/qt6_673/qt.qt6.673.win64_msvc2019_64/6.7.3-0-202409200836opengl32sw-64-mesa_11_2_2-signed_sha256.7z
2026-08-28 23:25:11,111 - aqt.installer - INFO - installer 16476 Finished installation of qttools-Windows-Windows_10_22H2-MSVC2019-Windows-Windows_10_22H2-X86_64.7z in 9.91229710
2026-08-28 23:25:11,832 - aqt.helper - DEBUG - helper 5852 Asked to redirect(302) to: https://ftp.jaist.ac.jp/pub/qtproject/online/qtsdkrepository/windows_x86/desktop/qt6_673/qt.qt6.673.win64_msvc2019_64/6.7.3-0-202409200836opengl32sw-64-mesa_11_2_2-signed_sha256.7z
2026-08-28 23:25:11,833 - aqt.helper - INFO - helper 5852 Redirected: ftp.jaist.ac.jp
2026-08-28 23:25:13,384 - aqt.installer - INFO - installer 5852 Finished installation of opengl32sw-64-mesa_11_2_2-signed_sha256.7z in 4.27883070
2026-08-28 23:25:32,172 - aqt.installer - INFO - installer 16728 Finished installation of qtdeclarative-Windows-Windows_10_22H2-MSVC2019-Windows-Windows_10_22H2-X86_64.7z in 34.74820300
2026-08-28 23:25:32,447 - aqt.updater - INFO - updater 10944 Patching D:\Qt\6.7.3\msvc2019_64\bin\qmake.exe
2026-08-28 23:25:32,452 - aqt.updater - INFO - updater 10944 Patching D:\Qt\6.7.3\msvc2019_64\lib\Qt6Concurrent.prl
2026-08-28 23:25:32,461 - aqt.updater - INFO - updater 10944 Patching D:\Qt\6.7.3\msvc2019_64\lib\Qt6Concurrentd.prl
2026-08-28 23:25:32,470 - aqt.updater - INFO - updater 10944 Patching D:\Qt\6.7.3\msvc2019_64\lib\Qt6Core.prl
2026-08-28 23:25:32,477 - aqt.updater - INFO - updater 10944 Patching D:\Qt\6.7.3\msvc2019_64\lib\Qt6Cored.prl
2026-08-28 23:25:32,485 - aqt.updater - INFO - updater 10944 Patching D:\Qt\6.7.3\msvc2019_64\lib\Qt6DBus.prl
2026-08-28 23:25:32,492 - aqt.updater - INFO - updater 10944 Patching D:\Qt\6.7.3\msvc2019_64\lib\Qt6DBusd.prl
2026-08-28 23:25:32,502 - aqt.updater - INFO - updater 10944 Patching D:\Qt\6.7.3\msvc2019_64\lib\Qt6Designer.prl
2026-08-28 23:25:32,511 - aqt.updater - INFO - updater 10944 Patching D:\Qt\6.7.3\msvc2019_64\lib\Qt6DesignerComponents.prl
2026-08-28 23:25:32,518 - aqt.updater - INFO - updater 10944 Patching D:\Qt\6.7.3\msvc2019_64\lib\Qt6DesignerComponentsd.prl
2026-08-28 23:25:32,525 - aqt.updater - INFO - updater 10944 Patching D:\Qt\6.7.3\msvc2019_64\lib\Qt6Designerd.prl
2026-08-28 23:25:32,532 - aqt.updater - INFO - updater 10944 Patching D:\Qt\6.7.3\msvc2019_64\lib\Qt6DeviceDiscoverySupport.prl
2026-08-28 23:25:32,539 - aqt.updater - INFO - updater 10944 Patching D:\Qt\6.7.3\msvc2019_64\lib\Qt6DeviceDiscoverySupportd.prl
2026-08-28 23:25:32,548 - aqt.updater - INFO - updater 10944 Patching D:\Qt\6.7.3\msvc2019_64\lib\Qt6EntryPoint.prl
2026-08-28 23:25:32,557 - aqt.updater - INFO - updater 10944 Patching D:\Qt\6.7.3\msvc2019_64\lib\Qt6EntryPointd.prl
2026-08-28 23:25:32,564 - aqt.updater - INFO - updater 10944 Patching D:\Qt\6.7.3\msvc2019_64\lib\Qt6ExampleIcons.prl
2026-08-28 23:25:32,571 - aqt.updater - INFO - updater 10944 Patching D:\Qt\6.7.3\msvc2019_64\lib\Qt6ExampleIconsd.prl
2026-08-28 23:25:32,580 - aqt.updater - INFO - updater 10944 Patching D:\Qt\6.7.3\msvc2019_64\lib\Qt6FbSupport.prl
2026-08-28 23:25:32,590 - aqt.updater - INFO - updater 10944 Patching D:\Qt\6.7.3\msvc2019_64\lib\Qt6FbSupportd.prl
2026-08-28 23:25:32,597 - aqt.updater - INFO - updater 10944 Patching D:\Qt\6.7.3\msvc2019_64\lib\Qt6Gui.prl
2026-08-28 23:25:32,605 - aqt.updater - INFO - updater 10944 Patching D:\Qt\6.7.3\msvc2019_64\lib\Qt6Guid.prl
2026-08-28 23:25:32,612 - aqt.updater - INFO - updater 10944 Patching D:\Qt\6.7.3\msvc2019_64\lib\Qt6Help.prl
2026-08-28 23:25:32,619 - aqt.updater - INFO - updater 10944 Patching D:\Qt\6.7.3\msvc2019_64\lib\Qt6Helpd.prl
2026-08-28 23:25:32,629 - aqt.updater - INFO - updater 10944 Patching D:\Qt\6.7.3\msvc2019_64\lib\Qt6LabsAnimation.prl
2026-08-28 23:25:32,638 - aqt.updater - INFO - updater 10944 Patching D:\Qt\6.7.3\msvc2019_64\lib\Qt6LabsAnimationd.prl
2026-08-28 23:25:32,645 - aqt.updater - INFO - updater 10944 Patching D:\Qt\6.7.3\msvc2019_64\lib\Qt6LabsFolderListModel.prl
2026-08-28 23:25:32,652 - aqt.updater - INFO - updater 10944 Patching D:\Qt\6.7.3\msvc2019_64\lib\Qt6LabsFolderListModeld.prl
2026-08-28 23:25:32,659 - aqt.updater - INFO - updater 10944 Patching D:\Qt\6.7.3\msvc2019_64\lib\Qt6LabsQmlModels.prl
2026-08-28 23:25:32,666 - aqt.updater - INFO - updater 10944 Patching D:\Qt\6.7.3\msvc2019_64\lib\Qt6LabsQmlModelsd.prl
2026-08-28 23:25:32,674 - aqt.updater - INFO - updater 10944 Patching D:\Qt\6.7.3\msvc2019_64\lib\Qt6LabsSettings.prl
2026-08-28 23:25:32,682 - aqt.updater - INFO - updater 10944 Patching D:\Qt\6.7.3\msvc2019_64\lib\Qt6LabsSettingsd.prl
2026-08-28 23:25:32,689 - aqt.updater - INFO - updater 10944 Patching D:\Qt\6.7.3\msvc2019_64\lib\Qt6LabsSharedImage.prl
2026-08-28 23:25:32,695 - aqt.updater - INFO - updater 10944 Patching D:\Qt\6.7.3\msvc2019_64\lib\Qt6LabsSharedImaged.prl
2026-08-28 23:25:32,704 - aqt.updater - INFO - updater 10944 Patching D:\Qt\6.7.3\msvc2019_64\lib\Qt6LabsWavefrontMesh.prl
2026-08-28 23:25:32,712 - aqt.updater - INFO - updater 10944 Patching D:\Qt\6.7.3\msvc2019_64\lib\Qt6LabsWavefrontMeshd.prl
2026-08-28 23:25:32,719 - aqt.updater - INFO - updater 10944 Patching D:\Qt\6.7.3\msvc2019_64\lib\Qt6Network.prl
2026-08-28 23:25:32,727 - aqt.updater - INFO - updater 10944 Patching D:\Qt\6.7.3\msvc2019_64\lib\Qt6Networkd.prl
2026-08-28 23:25:32,733 - aqt.updater - INFO - updater 10944 Patching D:\Qt\6.7.3\msvc2019_64\lib\Qt6OpenGL.prl
2026-08-28 23:25:32,740 - aqt.updater - INFO - updater 10944 Patching D:\Qt\6.7.3\msvc2019_64\lib\Qt6OpenGLd.prl
2026-08-28 23:25:32,753 - aqt.updater - INFO - updater 10944 Patching D:\Qt\6.7.3\msvc2019_64\lib\Qt6OpenGLWidgets.prl
2026-08-28 23:25:32,760 - aqt.updater - INFO - updater 10944 Patching D:\Qt\6.7.3\msvc2019_64\lib\Qt6OpenGLWidgetsd.prl
2026-08-28 23:25:32,767 - aqt.updater - INFO - updater 10944 Patching D:\Qt\6.7.3\msvc2019_64\lib\Qt6PacketProtocol.prl
2026-08-28 23:25:32,776 - aqt.updater - INFO - updater 10944 Patching D:\Qt\6.7.3\msvc2019_64\lib\Qt6PacketProtocold.prl
2026-08-28 23:25:32,784 - aqt.updater - INFO - updater 10944 Patching D:\Qt\6.7.3\msvc2019_64\lib\Qt6Positioning.prl
2026-08-28 23:25:32,791 - aqt.updater - INFO - updater 10944 Patching D:\Qt\6.7.3\msvc2019_64\lib\Qt6Positioningd.prl
2026-08-28 23:25:32,798 - aqt.updater - INFO - updater 10944 Patching D:\Qt\6.7.3\msvc2019_64\lib\Qt6PositioningQuick.prl
2026-08-28 23:25:32,805 - aqt.updater - INFO - updater 10944 Patching D:\Qt\6.7.3\msvc2019_64\lib\Qt6PositioningQuickd.prl
2026-08-28 23:25:32,812 - aqt.updater - INFO - updater 10944 Patching D:\Qt\6.7.3\msvc2019_64\lib\Qt6PrintSupport.prl
2026-08-28 23:25:32,821 - aqt.updater - INFO - updater 10944 Patching D:\Qt\6.7.3\msvc2019_64\lib\Qt6PrintSupportd.prl
2026-08-28 23:25:32,829 - aqt.updater - INFO - updater 10944 Patching D:\Qt\6.7.3\msvc2019_64\lib\Qt6Qml.prl
2026-08-28 23:25:32,836 - aqt.updater - INFO - updater 10944 Patching D:\Qt\6.7.3\msvc2019_64\lib\Qt6QmlBuiltins.prl
2026-08-28 23:25:32,843 - aqt.updater - INFO - updater 10944 Patching D:\Qt\6.7.3\msvc2019_64\lib\Qt6QmlBuiltinsd.prl
2026-08-28 23:25:32,851 - aqt.updater - INFO - updater 10944 Patching D:\Qt\6.7.3\msvc2019_64\lib\Qt6QmlCompiler.prl
2026-08-28 23:25:32,858 - aqt.updater - INFO - updater 10944 Patching D:\Qt\6.7.3\msvc2019_64\lib\Qt6QmlCompilerd.prl
2026-08-28 23:25:32,865 - aqt.updater - INFO - updater 10944 Patching D:\Qt\6.7.3\msvc2019_64\lib\Qt6QmlCore.prl
2026-08-28 23:25:32,875 - aqt.updater - INFO - updater 10944 Patching D:\Qt\6.7.3\msvc2019_64\lib\Qt6QmlCored.prl
2026-08-28 23:25:32,883 - aqt.updater - INFO - updater 10944 Patching D:\Qt\6.7.3\msvc2019_64\lib\Qt6Qmld.prl
2026-08-28 23:25:32,890 - aqt.updater - INFO - updater 10944 Patching D:\Qt\6.7.3\msvc2019_64\lib\Qt6QmlDebug.prl
2026-08-28 23:25:32,897 - aqt.updater - INFO - updater 10944 Patching D:\Qt\6.7.3\msvc2019_64\lib\Qt6QmlDebugd.prl
2026-08-28 23:25:32,904 - aqt.updater - INFO - updater 10944 Patching D:\Qt\6.7.3\msvc2019_64\lib\Qt6QmlDom.prl
2026-08-28 23:25:32,911 - aqt.updater - INFO - updater 10944 Patching D:\Qt\6.7.3\msvc2019_64\lib\Qt6QmlDomd.prl
2026-08-28 23:25:32,924 - aqt.updater - INFO - updater 10944 Patching D:\Qt\6.7.3\msvc2019_64\lib\Qt6QmlLocalStorage.prl
2026-08-28 23:25:32,932 - aqt.updater - INFO - updater 10944 Patching D:\Qt\6.7.3\msvc2019_64\lib\Qt6QmlLocalStoraged.prl
2026-08-28 23:25:32,939 - aqt.updater - INFO - updater 10944 Patching D:\Qt\6.7.3\msvc2019_64\lib\Qt6QmlLS.prl
2026-08-28 23:25:32,946 - aqt.updater - INFO - updater 10944 Patching D:\Qt\6.7.3\msvc2019_64\lib\Qt6QmlLSd.prl
2026-08-28 23:25:32,954 - aqt.updater - INFO - updater 10944 Patching D:\Qt\6.7.3\msvc2019_64\lib\Qt6QmlModels.prl
2026-08-28 23:25:32,961 - aqt.updater - INFO - updater 10944 Patching D:\Qt\6.7.3\msvc2019_64\lib\Qt6QmlModelsd.prl
2026-08-28 23:25:32,973 - aqt.updater - INFO - updater 10944 Patching D:\Qt\6.7.3\msvc2019_64\lib\Qt6QmlNetwork.prl
2026-08-28 23:25:32,984 - aqt.updater - INFO - updater 10944 Patching D:\Qt\6.7.3\msvc2019_64\lib\Qt6QmlNetworkd.prl
2026-08-28 23:25:32,991 - aqt.updater - INFO - updater 10944 Patching D:\Qt\6.7.3\msvc2019_64\lib\Qt6QmlToolingSettings.prl
2026-08-28 23:25:33,004 - aqt.updater - INFO - updater 10944 Patching D:\Qt\6.7.3\msvc2019_64\lib\Qt6QmlToolingSettingsd.prl
2026-08-28 23:25:33,012 - aqt.updater - INFO - updater 10944 Patching D:\Qt\6.7.3\msvc2019_64\lib\Qt6QmlTypeRegistrar.prl
2026-08-28 23:25:33,019 - aqt.updater - INFO - updater 10944 Patching D:\Qt\6.7.3\msvc2019_64\lib\Qt6QmlTypeRegistrard.prl
2026-08-28 23:25:33,026 - aqt.updater - INFO - updater 10944 Patching D:\Qt\6.7.3\msvc2019_64\lib\Qt6QmlWorkerScript.prl
2026-08-28 23:25:33,035 - aqt.updater - INFO - updater 10944 Patching D:\Qt\6.7.3\msvc2019_64\lib\Qt6QmlWorkerScriptd.prl
2026-08-28 23:25:33,042 - aqt.updater - INFO - updater 10944 Patching D:\Qt\6.7.3\msvc2019_64\lib\Qt6QmlXmlListModel.prl
2026-08-28 23:25:33,050 - aqt.updater - INFO - updater 10944 Patching D:\Qt\6.7.3\msvc2019_64\lib\Qt6QmlXmlListModeld.prl
2026-08-28 23:25:33,059 - aqt.updater - INFO - updater 10944 Patching D:\Qt\6.7.3\msvc2019_64\lib\Qt6Quick.prl
2026-08-28 23:25:33,067 - aqt.updater - INFO - updater 10944 Patching D:\Qt\6.7.3\msvc2019_64\lib\Qt6QuickControls2.prl
2026-08-28 23:25:33,074 - aqt.updater - INFO - updater 10944 Patching D:\Qt\6.7.3\msvc2019_64\lib\Qt6QuickControls2Basic.prl
2026-08-28 23:25:33,082 - aqt.updater - INFO - updater 10944 Patching D:\Qt\6.7.3\msvc2019_64\lib\Qt6QuickControls2Basicd.prl
2026-08-28 23:25:33,091 - aqt.updater - INFO - updater 10944 Patching D:\Qt\6.7.3\msvc2019_64\lib\Qt6QuickControls2BasicStyleImpl.prl
2026-08-28 23:25:33,098 - aqt.updater - INFO - updater 10944 Patching D:\Qt\6.7.3\msvc2019_64\lib\Qt6QuickControls2BasicStyleImpld.prl
2026-08-28 23:25:33,105 - aqt.updater - INFO - updater 10944 Patching D:\Qt\6.7.3\msvc2019_64\lib\Qt6QuickControls2d.prl
2026-08-28 23:25:33,113 - aqt.updater - INFO - updater 10944 Patching D:\Qt\6.7.3\msvc2019_64\lib\Qt6QuickControls2Fusion.prl
2026-08-28 23:25:33,121 - aqt.updater - INFO - updater 10944 Patching D:\Qt\6.7.3\msvc2019_64\lib\Qt6QuickControls2Fusiond.prl
2026-08-28 23:25:33,128 - aqt.updater - INFO - updater 10944 Patching D:\Qt\6.7.3\msvc2019_64\lib\Qt6QuickControls2FusionStyleImpl.prl
2026-08-28 23:25:33,137 - aqt.updater - INFO - updater 10944 Patching D:\Qt\6.7.3\msvc2019_64\lib\Qt6QuickControls2FusionStyleImpld.prl
2026-08-28 23:25:33,145 - aqt.updater - INFO - updater 10944 Patching D:\Qt\6.7.3\msvc2019_64\lib\Qt6QuickControls2Imagine.prl
2026-08-28 23:25:33,153 - aqt.updater - INFO - updater 10944 Patching D:\Qt\6.7.3\msvc2019_64\lib\Qt6QuickControls2Imagined.prl
2026-08-28 23:25:33,160 - aqt.updater - INFO - updater 10944 Patching D:\Qt\6.7.3\msvc2019_64\lib\Qt6QuickControls2ImagineStyleImpl.prl
2026-08-28 23:25:33,167 - aqt.updater - INFO - updater 10944 Patching D:\Qt\6.7.3\msvc2019_64\lib\Qt6QuickControls2ImagineStyleImpld.prl
2026-08-28 23:25:33,174 - aqt.updater - INFO - updater 10944 Patching D:\Qt\6.7.3\msvc2019_64\lib\Qt6QuickControls2Impl.prl
2026-08-28 23:25:33,182 - aqt.updater - INFO - updater 10944 Patching D:\Qt\6.7.3\msvc2019_64\lib\Qt6QuickControls2Impld.prl
2026-08-28 23:25:33,190 - aqt.updater - INFO - updater 10944 Patching D:\Qt\6.7.3\msvc2019_64\lib\Qt6QuickControls2Material.prl
2026-08-28 23:25:33,200 - aqt.updater - INFO - updater 10944 Patching D:\Qt\6.7.3\msvc2019_64\lib\Qt6QuickControls2Materiald.prl
2026-08-28 23:25:33,208 - aqt.updater - INFO - updater 10944 Patching D:\Qt\6.7.3\msvc2019_64\lib\Qt6QuickControls2MaterialStyleImpl.prl
2026-08-28 23:25:33,216 - aqt.updater - INFO - updater 10944 Patching D:\Qt\6.7.3\msvc2019_64\lib\Qt6QuickControls2MaterialStyleImpld.prl
2026-08-28 23:25:33,225 - aqt.updater - INFO - updater 10944 Patching D:\Qt\6.7.3\msvc2019_64\lib\Qt6QuickControls2Universal.prl
2026-08-28 23:25:33,232 - aqt.updater - INFO - updater 10944 Patching D:\Qt\6.7.3\msvc2019_64\lib\Qt6QuickControls2Universald.prl
2026-08-28 23:25:33,240 - aqt.updater - INFO - updater 10944 Patching D:\Qt\6.7.3\msvc2019_64\lib\Qt6QuickControls2UniversalStyleImpl.prl
2026-08-28 23:25:33,247 - aqt.updater - INFO - updater 10944 Patching D:\Qt\6.7.3\msvc2019_64\lib\Qt6QuickControls2UniversalStyleImpld.prl
2026-08-28 23:25:33,254 - aqt.updater - INFO - updater 10944 Patching D:\Qt\6.7.3\msvc2019_64\lib\Qt6QuickControls2WindowsStyleImpl.prl
2026-08-28 23:25:33,262 - aqt.updater - INFO - updater 10944 Patching D:\Qt\6.7.3\msvc2019_64\lib\Qt6QuickControls2WindowsStyleImpld.prl
2026-08-28 23:25:33,269 - aqt.updater - INFO - updater 10944 Patching D:\Qt\6.7.3\msvc2019_64\lib\Qt6QuickControlsTestUtils.prl
2026-08-28 23:25:33,278 - aqt.updater - INFO - updater 10944 Patching D:\Qt\6.7.3\msvc2019_64\lib\Qt6QuickControlsTestUtilsd.prl
2026-08-28 23:25:33,287 - aqt.updater - INFO - updater 10944 Patching D:\Qt\6.7.3\msvc2019_64\lib\Qt6Quickd.prl
2026-08-28 23:25:33,295 - aqt.updater - INFO - updater 10944 Patching D:\Qt\6.7.3\msvc2019_64\lib\Qt6QuickDialogs2.prl
2026-08-28 23:25:33,302 - aqt.updater - INFO - updater 10944 Patching D:\Qt\6.7.3\msvc2019_64\lib\Qt6QuickDialogs2d.prl
2026-08-28 23:25:33,309 - aqt.updater - INFO - updater 10944 Patching D:\Qt\6.7.3\msvc2019_64\lib\Qt6QuickDialogs2QuickImpl.prl
2026-08-28 23:25:33,318 - aqt.updater - INFO - updater 10944 Patching D:\Qt\6.7.3\msvc2019_64\lib\Qt6QuickDialogs2QuickImpld.prl
2026-08-28 23:25:33,325 - aqt.updater - INFO - updater 10944 Patching D:\Qt\6.7.3\msvc2019_64\lib\Qt6QuickDialogs2Utils.prl
2026-08-28 23:25:33,332 - aqt.updater - INFO - updater 10944 Patching D:\Qt\6.7.3\msvc2019_64\lib\Qt6QuickDialogs2Utilsd.prl
2026-08-28 23:25:33,340 - aqt.updater - INFO - updater 10944 Patching D:\Qt\6.7.3\msvc2019_64\lib\Qt6QuickEffects.prl
2026-08-28 23:25:33,347 - aqt.updater - INFO - updater 10944 Patching D:\Qt\6.7.3\msvc2019_64\lib\Qt6QuickEffectsd.prl
2026-08-28 23:25:33,353 - aqt.updater - INFO - updater 10944 Patching D:\Qt\6.7.3\msvc2019_64\lib\Qt6QuickLayouts.prl
2026-08-28 23:25:33,362 - aqt.updater - INFO - updater 10944 Patching D:\Qt\6.7.3\msvc2019_64\lib\Qt6QuickLayoutsd.prl
2026-08-28 23:25:33,369 - aqt.updater - INFO - updater 10944 Patching D:\Qt\6.7.3\msvc2019_64\lib\Qt6QuickParticles.prl
2026-08-28 23:25:33,376 - aqt.updater - INFO - updater 10944 Patching D:\Qt\6.7.3\msvc2019_64\lib\Qt6QuickParticlesd.prl
2026-08-28 23:25:33,385 - aqt.updater - INFO - updater 10944 Patching D:\Qt\6.7.3\msvc2019_64\lib\Qt6QuickShapes.prl
2026-08-28 23:25:33,393 - aqt.updater - INFO - updater 10944 Patching D:\Qt\6.7.3\msvc2019_64\lib\Qt6QuickShapesd.prl
2026-08-28 23:25:33,400 - aqt.updater - INFO - updater 10944 Patching D:\Qt\6.7.3\msvc2019_64\lib\Qt6QuickTemplates2.prl
2026-08-28 23:25:33,407 - aqt.updater - INFO - updater 10944 Patching D:\Qt\6.7.3\msvc2019_64\lib\Qt6QuickTemplates2d.prl
2026-08-28 23:25:33,414 - aqt.updater - INFO - updater 10944 Patching D:\Qt\6.7.3\msvc2019_64\lib\Qt6QuickTest.prl
2026-08-28 23:25:33,423 - aqt.updater - INFO - updater 10944 Patching D:\Qt\6.7.3\msvc2019_64\lib\Qt6QuickTestd.prl
2026-08-28 23:25:33,430 - aqt.updater - INFO - updater 10944 Patching D:\Qt\6.7.3\msvc2019_64\lib\Qt6QuickTestUtils.prl
2026-08-28 23:25:33,437 - aqt.updater - INFO - updater 10944 Patching D:\Qt\6.7.3\msvc2019_64\lib\Qt6QuickTestUtilsd.prl
2026-08-28 23:25:33,446 - aqt.updater - INFO - updater 10944 Patching D:\Qt\6.7.3\msvc2019_64\lib\Qt6QuickWidgets.prl
2026-08-28 23:25:33,457 - aqt.updater - INFO - updater 10944 Patching D:\Qt\6.7.3\msvc2019_64\lib\Qt6QuickWidgetsd.prl
2026-08-28 23:25:33,464 - aqt.updater - INFO - updater 10944 Patching D:\Qt\6.7.3\msvc2019_64\lib\Qt6Sql.prl
2026-08-28 23:25:33,471 - aqt.updater - INFO - updater 10944 Patching D:\Qt\6.7.3\msvc2019_64\lib\Qt6Sqld.prl
2026-08-28 23:25:33,477 - aqt.updater - INFO - updater 10944 Patching D:\Qt\6.7.3\msvc2019_64\lib\Qt6Svg.prl
2026-08-28 23:25:33,484 - aqt.updater - INFO - updater 10944 Patching D:\Qt\6.7.3\msvc2019_64\lib\Qt6Svgd.prl
2026-08-28 23:25:33,493 - aqt.updater - INFO - updater 10944 Patching D:\Qt\6.7.3\msvc2019_64\lib\Qt6SvgWidgets.prl
2026-08-28 23:25:33,502 - aqt.updater - INFO - updater 10944 Patching D:\Qt\6.7.3\msvc2019_64\lib\Qt6SvgWidgetsd.prl
2026-08-28 23:25:33,509 - aqt.updater - INFO - updater 10944 Patching D:\Qt\6.7.3\msvc2019_64\lib\Qt6Test.prl
2026-08-28 23:25:33,516 - aqt.updater - INFO - updater 10944 Patching D:\Qt\6.7.3\msvc2019_64\lib\Qt6Testd.prl
2026-08-28 23:25:33,524 - aqt.updater - INFO - updater 10944 Patching D:\Qt\6.7.3\msvc2019_64\lib\Qt6UiTools.prl
2026-08-28 23:25:33,531 - aqt.updater - INFO - updater 10944 Patching D:\Qt\6.7.3\msvc2019_64\lib\Qt6UiToolsd.prl
2026-08-28 23:25:33,541 - aqt.updater - INFO - updater 10944 Patching D:\Qt\6.7.3\msvc2019_64\lib\Qt6WebChannel.prl
2026-08-28 23:25:33,550 - aqt.updater - INFO - updater 10944 Patching D:\Qt\6.7.3\msvc2019_64\lib\Qt6WebChanneld.prl
2026-08-28 23:25:33,557 - aqt.updater - INFO - updater 10944 Patching D:\Qt\6.7.3\msvc2019_64\lib\Qt6WebChannelQuick.prl
2026-08-28 23:25:33,564 - aqt.updater - INFO - updater 10944 Patching D:\Qt\6.7.3\msvc2019_64\lib\Qt6WebChannelQuickd.prl
2026-08-28 23:25:33,574 - aqt.updater - INFO - updater 10944 Patching D:\Qt\6.7.3\msvc2019_64\lib\Qt6WebEngineCore.prl
2026-08-28 23:25:33,583 - aqt.updater - INFO - updater 10944 Patching D:\Qt\6.7.3\msvc2019_64\lib\Qt6WebEngineCored.prl
2026-08-28 23:25:33,592 - aqt.updater - INFO - updater 10944 Patching D:\Qt\6.7.3\msvc2019_64\lib\Qt6WebEngineQuick.prl
2026-08-28 23:25:33,599 - aqt.updater - INFO - updater 10944 Patching D:\Qt\6.7.3\msvc2019_64\lib\Qt6WebEngineQuickd.prl
2026-08-28 23:25:33,606 - aqt.updater - INFO - updater 10944 Patching D:\Qt\6.7.3\msvc2019_64\lib\Qt6WebEngineQuickDelegatesQml.prl
2026-08-28 23:25:33,614 - aqt.updater - INFO - updater 10944 Patching D:\Qt\6.7.3\msvc2019_64\lib\Qt6WebEngineQuickDelegatesQmld.prl
2026-08-28 23:25:33,622 - aqt.updater - INFO - updater 10944 Patching D:\Qt\6.7.3\msvc2019_64\lib\Qt6WebEngineWidgets.prl
2026-08-28 23:25:33,631 - aqt.updater - INFO - updater 10944 Patching D:\Qt\6.7.3\msvc2019_64\lib\Qt6WebEngineWidgetsd.prl
2026-08-28 23:25:33,638 - aqt.updater - INFO - updater 10944 Patching D:\Qt\6.7.3\msvc2019_64\lib\Qt6WebSockets.prl
2026-08-28 23:25:33,645 - aqt.updater - INFO - updater 10944 Patching D:\Qt\6.7.3\msvc2019_64\lib\Qt6WebSocketsd.prl
2026-08-28 23:25:33,652 - aqt.updater - INFO - updater 10944 Patching D:\Qt\6.7.3\msvc2019_64\lib\Qt6Widgets.prl
2026-08-28 23:25:33,661 - aqt.updater - INFO - updater 10944 Patching D:\Qt\6.7.3\msvc2019_64\lib\Qt6Widgetsd.prl
2026-08-28 23:25:33,671 - aqt.updater - INFO - updater 10944 Patching D:\Qt\6.7.3\msvc2019_64\lib\Qt6Xml.prl
2026-08-28 23:25:33,677 - aqt.updater - INFO - updater 10944 Patching D:\Qt\6.7.3\msvc2019_64\lib\Qt6Xmld.prl
2026-08-28 23:25:33,686 - aqt.main - INFO - installer 10944 Finished installation
2026-08-28 23:25:33,686 - aqt.main - INFO - installer 10944 Time elapsed: 41.53876860 second
